// Jest Snapshot v1, https://goo.gl/fbAQLP

exports[`Tests inside file 'FloatingActionButton.test.js' Must be shown correctly 1`] = `
<button
  className="btn btn-danger fab-danger"
  onClick={[MockFunction]}
>
  <i
    className="fas fa-trash"
  />
  <span>
     Delete event
  </span>
</button>
`;
