// Jest Snapshot v1, https://goo.gl/fbAQLP

exports[`Tests inside file 'NoteScreen.test.js' Must be shown correctly 1`] = `
<div
  className="notes__main-content"
>
  <div
    className="notes__appbar"
  >
    <span>
      28th August 2021
    </span>
    <input
      id="fileSelector"
      onChange={[Function]}
      style={
        Object {
          "display": "none",
        }
      }
      type="file"
    />
    <div>
      <button
        className="buttons__btn"
        onClick={[Function]}
      >
        Picture
      </button>
      <button
        className="buttons__btn"
        onClick={[Function]}
      >
        Save
      </button>
    </div>
  </div>
  <div
    className="notes__content"
  >
    <input
      autoComplete="off"
      className="notes__title-input"
      name="title"
      onChange={[Function]}
      placeholder="Some awesome title"
      type="text"
      value="title"
    />
    <textarea
      className="notes__textarea"
      name="body"
      onChange={[Function]}
      placeholder="What happened today"
      value="body"
    />
  </div>
  <button
    className="buttons__btn buttons__btn-danger"
    onClick={[Function]}
  >
    Delete
  </button>
</div>
`;
