// Jest Snapshot v1, https://goo.gl/fbAQLP

exports[`Tests inside file FirstApp.test.js 'FirstApp' component must show correctly 1`] = `
<Fragment>
  <h1>
    Hello, I'm Jes√∫s Flores
  </h1>
  <p>
    Here there is a default subtitle
  </p>
</Fragment>
`;
