// Jest Snapshot v1, https://goo.gl/fbAQLP

exports[`Tests inside file 'HomeScreen.test.js' 'HomeScreen' component must show correctly 1`] = `
<div>
  <h1>
    HomeScreen
  </h1>
  <hr />
  <pre>
    {
   "name": "Jes√∫s Flores Segovia",
   "email": "jesus@gmail.com"
}
  </pre>
</div>
`;
