// Jest Snapshot v1, https://goo.gl/fbAQLP

exports[`Tests inside file 'LoginScreen.test.js' 'LoginScreen' component must show correctly 1`] = `
<div>
  <h1>
    LoginScreen
  </h1>
  <hr />
  <form
    onSubmit={[Function]}
  >
    <div
      className="mb-3"
    >
      <label
        className="form-label"
        htmlFor="inputEmail"
      >
        Email address
      </label>
      <input
        aria-describedby="emailHelp"
        className="form-control"
        id="inputEmail"
        name="email"
        onChange={[Function]}
        type="email"
        value=""
      />
    </div>
    <div
      className="mb-3"
    >
      <label
        className="form-label"
        htmlFor="inputPassword"
      >
        Password
      </label>
      <input
        className="form-control"
        id="inputPassword"
        name="password"
        onChange={[Function]}
        type="password"
        value=""
      />
    </div>
    <button
      className="btn btn-primary"
      type="submit"
    >
      Login
    </button>
  </form>
</div>
`;
