// Jest Snapshot v1, https://goo.gl/fbAQLP

exports[`Tests inside file AddCategory.test.js 'AddCategory' component must show correctly 1`] = `
<form
  onSubmit={[Function]}
>
  <input
    onChange={[Function]}
    type="text"
    value=""
  />
</form>
`;
